<html>
<body>
<pre>
<h1>µVision Build Log</h1>
<h2>Tool Versions:</h2>
IDE-Version: µVision V5.39.0.0
Copyright (C) 2023 ARM Ltd and ARM Germany GmbH. All rights reserved.
License Information: Fabian Barrera, Universidad Militar Nueva Granada, LIC=----
 
Tool Versions:
Toolchain:       MDK-Lite  Version: 5.39.0.0
Toolchain Path:  C:\Keil_v5\ARM\ARMCLANG\Bin
C Compiler:      ArmClang.exe V6.21
Assembler:       Armasm.exe V6.21
Linker/Locator:  ArmLink.exe V6.21
Library Manager: ArmAr.exe V6.21
Hex Converter:   FromElf.exe V6.21
CPU DLL:         SARMCM3.DLL V5.39.0.0
Dialog DLL:      DCM.DLL V1.17.5.0
Target DLL:      UL2CM3.DLL V1.164.9.0
Dialog DLL:      TCM.DLL V1.56.4.0
 
<h2>Project:</h2>
G:\Meu Drive\ECCI\2024_2\SistemasEmbebidos\Aula3\Ejemplo\Hola_Mundo.uvprojx
Project File Date:  07/27/2024

<h2>Output:</h2>
*** Using Compiler 'V6.21', folder: 'C:\Keil_v5\ARM\ARMCLANG\Bin'
Rebuild target 'Target 1'
assembling startup_stm32f411xe.s...
RTE/Device/STM32F411RETx/system_stm32f4xx.c(263): warning: unsafe buffer access [-Wunsafe-buffer-usage]
  263 |   tmp = AHBPrescTable[((RCC->CFGR & RCC_CFGR_HPRE) >> 4)];
      |         ^~~~~~~~~~~~~
1 warning generated.
compiling system_stm32f4xx.c...
main.cpp(2): warning: invalid UTF-8 in comment [-Winvalid-utf8]
    2 | //Fabi<E1>n Barrera Prieto
      |       ^
main.cpp(10): warning: no previous prototype for function 'Delay' [-Wmissing-prototypes]
   10 | void Delay (uint32_t time)
      |      ^
main.cpp(10): note: declare 'static' if the function is not intended to be used outside of this translation unit
   10 | void Delay (uint32_t time)
      | ^
      | static 
main.cpp(13): warning: comparison of integers of different signs: 'int' and 'uint32_t' (aka 'unsigned int') [-Wsign-compare]
   13 |         for (int t=0;t<time;t++);
      |                      ~^~~~~
main.cpp(26): warning: use of old-style cast [-Wold-style-cast]
   26 |         RCC->AHB1ENR |= (1<<0);  // Enable the GPIOA clock (user led LD2 is connected to PA_5)
      |         ^~~
C:/Users/LENOVO/AppData/Local/Arm/Packs/Keil/STM32F4xx_DFP/2.17.1/Drivers/CMSIS/Device/ST/STM32F4xx/Include/stm32f411xe.h(789): note: expanded from macro 'RCC'
  789 | #define RCC                 ((RCC_TypeDef *) RCC_BASE)
      |                              ^               ~~~~~~~~
main.cpp(28): warning: use of old-style cast [-Wold-style-cast]
   28 |         GPIOA->MODER &= ~(0b11<<10); //clear (00) pin PA_5(bits 7:6)  
      |         ^~~~~
C:/Users/LENOVO/AppData/Local/Arm/Packs/Keil/STM32F4xx_DFP/2.17.1/Drivers/CMSIS/Device/ST/STM32F4xx/Include/stm32f411xe.h(782): note: expanded from macro 'GPIOA'
  782 | #define GPIOA               ((GPIO_TypeDef *) GPIOA_BASE)
      |                              ^                ~~~~~~~~~~
main.cpp(28): warning: binary integer literals are a C++14 extension [-Wc++14-binary-literal]
   28 |         GPIOA->MODER &= ~(0b11<<10); //clear (00) pin PA_5(bits 7:6)  
      |                           ^
main.cpp(28): warning: implicit conversion changes signedness: 'int' to 'uint32_t' (aka 'unsigned int') [-Wsign-conversion]
   28 |         GPIOA->MODER &= ~(0b11<<10); //clear (00) pin PA_5(bits 7:6)  
      |                      ~~ ^~~~~~~~~~~
main.cpp(29): warning: use of old-style cast [-Wold-style-cast]
   29 |         GPIOA->MODER |= (1<<10); //pin PA_5(bits 11:10) as Output (01)
      |         ^~~~~
C:/Users/LENOVO/AppData/Local/Arm/Packs/Keil/STM32F4xx_DFP/2.17.1/Drivers/CMSIS/Device/ST/STM32F4xx/Include/stm32f411xe.h(782): note: expanded from macro 'GPIOA'
  782 | #define GPIOA               ((GPIO_TypeDef *) GPIOA_BASE)
      |                              ^                ~~~~~~~~~~
main.cpp(31): warning: use of old-style cast [-Wold-style-cast]
   31 |         GPIOA->OTYPER &= ~(1<<5);  // bit 5=0 --> Output push pull (HIGH or LOW)
      |         ^~~~~
C:/Users/LENOVO/AppData/Local/Arm/Packs/Keil/STM32F4xx_DFP/2.17.1/Drivers/CMSIS/Device/ST/STM32F4xx/Include/stm32f411xe.h(782): note: expanded from macro 'GPIOA'
  782 | #define GPIOA               ((GPIO_TypeDef *) GPIOA_BASE)
      |                              ^                ~~~~~~~~~~
main.cpp(31): warning: implicit conversion changes signedness: 'int' to 'uint32_t' (aka 'unsigned int') [-Wsign-conversion]
   31 |         GPIOA->OTYPER &= ~(1<<5);  // bit 5=0 --> Output push pull (HIGH or LOW)
      |                       ~~ ^~~~~~~
main.cpp(32): warning: use of old-style cast [-Wold-style-cast]
   32 |         GPIOA->OSPEEDR |= ((1<<11)|(1<<10));//(0b11<<10)  // Pin PA_5 (bits 11:10) as High Speed (11)
      |         ^~~~~
C:/Users/LENOVO/AppData/Local/Arm/Packs/Keil/STM32F4xx_DFP/2.17.1/Drivers/CMSIS/Device/ST/STM32F4xx/Include/stm32f411xe.h(782): note: expanded from macro 'GPIOA'
  782 | #define GPIOA               ((GPIO_TypeDef *) GPIOA_BASE)
      |                              ^                ~~~~~~~~~~
main.cpp(33): warning: use of old-style cast [-Wold-style-cast]
   33 |         GPIOA->PUPDR &= ~(0b11<<10); //~((1<<11)|(1<<10)) // Pin PA_5 (bits 11:10) are 0:0 --> no pull up or pull down
      |         ^~~~~
C:/Users/LENOVO/AppData/Local/Arm/Packs/Keil/STM32F4xx_DFP/2.17.1/Drivers/CMSIS/Device/ST/STM32F4xx/Include/stm32f411xe.h(782): note: expanded from macro 'GPIOA'
  782 | #define GPIOA               ((GPIO_TypeDef *) GPIOA_BASE)
      |                              ^                ~~~~~~~~~~
main.cpp(33): warning: binary integer literals are a C++14 extension [-Wc++14-binary-literal]
   33 |         GPIOA->PUPDR &= ~(0b11<<10); //~((1<<11)|(1<<10)) // Pin PA_5 (bits 11:10) are 0:0 --> no pull up or pull down
      |                           ^
main.cpp(33): warning: implicit conversion changes signedness: 'int' to 'uint32_t' (aka 'unsigned int') [-Wsign-conversion]
   33 |         GPIOA->PUPDR &= ~(0b11<<10); //~((1<<11)|(1<<10)) // Pin PA_5 (bits 11:10) are 0:0 --> no pull up or pull down
      |                      ~~ ^~~~~~~~~~~
main.cpp(37): warning: use of old-style cast [-Wold-style-cast]
   37 |                 GPIOA->ODR |= 1<<5; // Set the Pin PA_5
      |                 ^~~~~
C:/Users/LENOVO/AppData/Local/Arm/Packs/Keil/STM32F4xx_DFP/2.17.1/Drivers/CMSIS/Device/ST/STM32F4xx/Include/stm32f411xe.h(782): note: expanded from macro 'GPIOA'
  782 | #define GPIOA               ((GPIO_TypeDef *) GPIOA_BASE)
      |                              ^                ~~~~~~~~~~
main.cpp(40): warning: use of old-style cast [-Wold-style-cast]
   40 |                 GPIOA->ODR &= ~(1<<5); // Reset the Pin PA_5
      |                 ^~~~~
C:/Users/LENOVO/AppData/Local/Arm/Packs/Keil/STM32F4xx_DFP/2.17.1/Drivers/CMSIS/Device/ST/STM32F4xx/Include/stm32f411xe.h(782): note: expanded from macro 'GPIOA'
  782 | #define GPIOA               ((GPIO_TypeDef *) GPIOA_BASE)
      |                              ^                ~~~~~~~~~~
main.cpp(40): warning: implicit conversion changes signedness: 'int' to 'uint32_t' (aka 'unsigned int') [-Wsign-conversion]
   40 |                 GPIOA->ODR &= ~(1<<5); // Reset the Pin PA_5
      |                            ~~ ^~~~~~~
17 warnings generated.
compiling main.cpp...
linking...
Program Size: Code=584 RO-data=424 RW-data=0 ZI-data=1632  
".\Objects\Hola_Mundo.axf" - 0 Error(s), 18 Warning(s).

<h2>Software Packages used:</h2>

Package Vendor: ARM
                https://www.keil.com/pack/ARM.CMSIS.6.0.0.pack
                ARM::CMSIS@6.0.0
                CMSIS (Common Microcontroller Software Interface Standard)
   * Component: CORE Version: 6.0.0

Package Vendor: Keil
                https://www.keil.com/pack/Keil.STM32F4xx_DFP.2.17.1.pack
                Keil::STM32F4xx_DFP@2.17.1
                STMicroelectronics STM32F4 Series Device Support, Drivers and Examples
   * Component: Startup Version: 2.6.3

<h2>Collection of Component include folders:</h2>
  ./RTE/_Target_1
  C:/Users/LENOVO/AppData/Local/Arm/Packs/ARM/CMSIS/6.0.0/CMSIS/Core/Include
  C:/Users/LENOVO/AppData/Local/Arm/Packs/Keil/STM32F4xx_DFP/2.17.1/Drivers/CMSIS/Device/ST/STM32F4xx/Include

<h2>Collection of Component Files used:</h2>

   * Component: ARM::CMSIS:CORE@6.0.0

   * Component: Keil::Device:Startup@2.6.3
      Source file:   MDK/Device/Source/ARM/STM32F411xx_OPT.s
      Source file:   MDK/Device/Source/ARM/STM32F4xx_OTP.s
      Include file:  Drivers/CMSIS/Device/ST/STM32F4xx/Include/stm32f4xx.h
      Source file:   Drivers/CMSIS/Device/ST/STM32F4xx/Source/Templates/arm/startup_stm32f411xe.s
      Source file:   Drivers/CMSIS/Device/ST/STM32F4xx/Source/Templates/system_stm32f4xx.c
Build Time Elapsed:  00:00:02
</pre>
</body>
</html>
